{
  "CourseName": "Test Course",
  "TotalLectures": 20,
  "LecturesCompleted": 4,
  "Progress": 20.0,
  "LastAccessed": "2024-01-01T00:00:00"
}
