{
  "CourseName": "Test Course",
  "TotalLectures": 20,
  "LecturesCompleted": 4,
  "Progress": 0.2,
  "LastAccessed": "2023-12-18T00:00:00"
}
